---
source: reconcile/src/operation_transformation/edited_text.rs
expression: operations
snapshot_kind: text
---
EditedText {
    text: "hello world! How are you?  Adam",
    operations: [
        OrderedOperation {
            order: 0,
            operation: Insert {
                index: 0,
                text: [
                    Token {
                        normalised: "Hello, ",
                        original: "Hello, ",
                    },
                    Token {
                        normalised: "my ",
                        original: "my ",
                    },
                    Token {
                        normalised: "friend! ",
                        original: "friend! ",
                    },
                ],
            },
        },
        OrderedOperation {
            order: 0,
            operation: Delete {
                index: 18,
                deleted_character_count: 13,
                deleted_text: Some(
                    "hello world! ",
                ),
            },
        },
        OrderedOperation {
            order: 21,
            operation: Insert {
                index: 26,
                text: [
                    Token {
                        normalised: "you ",
                        original: "you ",
                    },
                    Token {
                        normalised: "doing? ",
                        original: "doing? ",
                    },
                    Token {
                        normalised: "Albert",
                        original: "Albert",
                    },
                ],
            },
        },
        OrderedOperation {
            order: 21,
            operation: Delete {
                index: 43,
                deleted_character_count: 10,
                deleted_text: Some(
                    "you?  Adam",
                ),
            },
        },
    ],
}
