---
source: sync_lib/src/operations/operation_sequence.rs
expression: operations
snapshot_kind: text
---
OperationSequence {
    operations: [
        Delete {
            index: 0,
            deleted_character_count: 13,
        },
        Insert {
            index: 0,
            text: "Hello, my friend! ",
        },
        Delete {
            index: 26,
            deleted_character_count: 10,
        },
        Insert {
            index: 26,
            text: "you doing? Albert",
        },
    ],
}
