---
source: src/tokenizer/character_tokenizer.rs
expression: "character_tokenizer(\" hello, \\nwhere are you?\")"
snapshot_kind: text
---
[
    Token {
        normalized: " ",
        original: " ",
        is_left_joinable: true,
        is_right_joinable: true,
    },
    Token {
        normalized: "h",
        original: "h",
        is_left_joinable: true,
        is_right_joinable: true,
    },
    Token {
        normalized: "e",
        original: "e",
        is_left_joinable: true,
        is_right_joinable: true,
    },
    Token {
        normalized: "l",
        original: "l",
        is_left_joinable: true,
        is_right_joinable: true,
    },
    Token {
        normalized: "l",
        original: "l",
        is_left_joinable: true,
        is_right_joinable: true,
    },
    Token {
        normalized: "o",
        original: "o",
        is_left_joinable: true,
        is_right_joinable: true,
    },
    Token {
        normalized: ",",
        original: ",",
        is_left_joinable: true,
        is_right_joinable: true,
    },
    Token {
        normalized: " ",
        original: " ",
        is_left_joinable: true,
        is_right_joinable: true,
    },
    Token {
        normalized: "\n",
        original: "\n",
        is_left_joinable: true,
        is_right_joinable: true,
    },
    Token {
        normalized: "w",
        original: "w",
        is_left_joinable: true,
        is_right_joinable: true,
    },
    Token {
        normalized: "h",
        original: "h",
        is_left_joinable: true,
        is_right_joinable: true,
    },
    Token {
        normalized: "e",
        original: "e",
        is_left_joinable: true,
        is_right_joinable: true,
    },
    Token {
        normalized: "r",
        original: "r",
        is_left_joinable: true,
        is_right_joinable: true,
    },
    Token {
        normalized: "e",
        original: "e",
        is_left_joinable: true,
        is_right_joinable: true,
    },
    Token {
        normalized: " ",
        original: " ",
        is_left_joinable: true,
        is_right_joinable: true,
    },
    Token {
        normalized: "a",
        original: "a",
        is_left_joinable: true,
        is_right_joinable: true,
    },
    Token {
        normalized: "r",
        original: "r",
        is_left_joinable: true,
        is_right_joinable: true,
    },
    Token {
        normalized: "e",
        original: "e",
        is_left_joinable: true,
        is_right_joinable: true,
    },
    Token {
        normalized: " ",
        original: " ",
        is_left_joinable: true,
        is_right_joinable: true,
    },
    Token {
        normalized: "y",
        original: "y",
        is_left_joinable: true,
        is_right_joinable: true,
    },
    Token {
        normalized: "o",
        original: "o",
        is_left_joinable: true,
        is_right_joinable: true,
    },
    Token {
        normalized: "u",
        original: "u",
        is_left_joinable: true,
        is_right_joinable: true,
    },
    Token {
        normalized: "?",
        original: "?",
        is_left_joinable: true,
        is_right_joinable: true,
    },
]
