---
source: src/operation_transformation/edited_text.rs
expression: operations
---
EditedText {
    text: "hello world!",
    operations: [
        <equal 'hello' from 0>,
        <equal ' ' from 5>,
        <equal 'world!' from 6>,
    ],
    operation_sides: [
        Left,
        Left,
        Left,
    ],
    cursors: [],
}
