---
source: src/operation_transformation/edited_text.rs
expression: operations
---
EditedText {
    text: "hello world! How are you?  Adam",
    operations: [
        <delete 'hello world!' from 0>,
        <insert 'Hello, my friend!' at 12>,
        <equal ' ' from 12>,
        <equal 'How' from 13>,
        <equal ' ' from 16>,
        <equal 'are' from 17>,
        <delete ' you?  Adam' from 20>,
        <insert ' you doing? Albert' at 31>,
    ],
    operation_sides: [
        Left,
        Left,
        Left,
        Left,
        Left,
        Left,
        Left,
        Left,
    ],
    cursors: [],
}
