---
source: src/operation_transformation/edited_text.rs
expression: operations
snapshot_kind: text
---
EditedText {
    text: "hello world!",
    operations: [
        OrderedOperation {
            order: 0,
            operation: <equal 'hello'>,
        },
        OrderedOperation {
            order: 5,
            operation: <equal ' '>,
        },
        OrderedOperation {
            order: 6,
            operation: <equal 'world!'>,
        },
    ],
    cursors: [],
}
