---
source: src/operation_transformation/edited_text.rs
expression: operations
snapshot_kind: text
---
EditedText {
    text: "hello world! How are you?  Adam",
    operations: [
        OrderedOperation {
            order: 0,
            operation: <delete 'hello world!'>,
        },
        OrderedOperation {
            order: 12,
            operation: <insert 'Hello, my friend!'>,
        },
        OrderedOperation {
            order: 12,
            operation: <equal ' '>,
        },
        OrderedOperation {
            order: 13,
            operation: <equal 'How'>,
        },
        OrderedOperation {
            order: 16,
            operation: <equal ' '>,
        },
        OrderedOperation {
            order: 17,
            operation: <equal 'are'>,
        },
        OrderedOperation {
            order: 20,
            operation: <delete ' you?  Adam'>,
        },
        OrderedOperation {
            order: 31,
            operation: <insert ' you doing? Albert'>,
        },
    ],
    cursors: [],
}
