---
source: src/utils/myers_diff.rs
expression: result
snapshot_kind: text
---
[
    Equal(
        [
            Token {
                normalized: "a",
                original: "a",
                is_left_joinable: true,
                is_right_joinable: true,
            },
        ],
    ),
    Equal(
        [
            Token {
                normalized: "b",
                original: "b",
                is_left_joinable: true,
                is_right_joinable: true,
            },
        ],
    ),
    Equal(
        [
            Token {
                normalized: "c",
                original: "c",
                is_left_joinable: true,
                is_right_joinable: true,
            },
        ],
    ),
]
