---
source: src/utils/myers_diff.rs
expression: result
snapshot_kind: text
---
[
    Insert(
        [
            Token {
                normalized: "a",
                original: "a",
                is_left_joinable: true,
                is_right_joinable: true,
            },
        ],
    ),
    Insert(
        [
            Token {
                normalized: "b",
                original: "b",
                is_left_joinable: true,
                is_right_joinable: true,
            },
        ],
    ),
]
