---
source: reconcile/src/diffs/myers.rs
expression: result
snapshot_kind: text
---
[
    Delete(
        [
            Token {
                normalised: "a",
                original: "a",
            },
            Token {
                normalised: "b",
                original: "b",
            },
        ],
    ),
]
