---
source: reconcile/src/tokenizer/word_tokenizer.rs
expression: "word_tokenizer(\" what? \")"
snapshot_kind: text
---
[
    Token {
        normalised: " what?",
        original: " ",
        is_left_joinable: true,
        is_right_joinable: true,
    },
    Token {
        normalised: "what?",
        original: "what?",
        is_left_joinable: true,
        is_right_joinable: true,
    },
    Token {
        normalised: " ",
        original: " ",
        is_left_joinable: true,
        is_right_joinable: true,
    },
]
