---
source: reconcile/src/tokenizer/word_tokenizer.rs
expression: "word_tokenizer(\"Hi there!\")"
snapshot_kind: text
---
[
    Token {
        normalised: "Hi",
        original: "Hi",
        is_left_joinable: true,
        is_right_joinable: true,
    },
    Token {
        normalised: " there!",
        original: " ",
        is_left_joinable: true,
        is_right_joinable: true,
    },
    Token {
        normalised: "there!",
        original: "there!",
        is_left_joinable: true,
        is_right_joinable: true,
    },
]
