---
source: reconcile/src/tokenizer/word_tokenizer.rs
expression: "word_tokenizer(\" hello, \\nwhere are you?\")"
snapshot_kind: text
---
[
    Token {
        normalised: " hello,",
        original: " ",
        is_left_joinable: true,
        is_right_joinable: true,
    },
    Token {
        normalised: "hello,",
        original: "hello,",
        is_left_joinable: true,
        is_right_joinable: true,
    },
    Token {
        normalised: " \nwhere",
        original: " \n",
        is_left_joinable: true,
        is_right_joinable: true,
    },
    Token {
        normalised: "where",
        original: "where",
        is_left_joinable: true,
        is_right_joinable: true,
    },
    Token {
        normalised: " are",
        original: " ",
        is_left_joinable: true,
        is_right_joinable: true,
    },
    Token {
        normalised: "are",
        original: "are",
        is_left_joinable: true,
        is_right_joinable: true,
    },
    Token {
        normalised: " you?",
        original: " ",
        is_left_joinable: true,
        is_right_joinable: true,
    },
    Token {
        normalised: "you?",
        original: "you?",
        is_left_joinable: true,
        is_right_joinable: true,
    },
]
